Analyzing mgd-neural-0420...                                    

   info • Angle brackets will be interpreted as HTML. Try using backticks around the content with angle brackets, or try replacing `<` with `&lt;` and `>` with `&gt;` • lib/book_text_v0420.dart:66:14 • unintended_html_in_doc_comment
   info • Statements in a while should be enclosed in a block. Try wrapping the statement in a block • lib/book_text_v0420.dart:147:69 • curly_braces_in_flow_control_structures
   info • Use interpolation to compose strings and values. Try using string interpolation to build the composite string • lib/book_understanding_v0342.dart:47:12 • prefer_interpolation_to_compose_strings
   info • Use interpolation to compose strings and values. Try using string interpolation to build the composite string • lib/book_understanding_v0342.dart:50:15 • prefer_interpolation_to_compose_strings
   info • Statements in an if should be enclosed in a block. Try wrapping the statement in a block • lib/book_understanding_v0342.dart:265:7 • curly_braces_in_flow_control_structures
   info • Statements in an if should be enclosed in a block. Try wrapping the statement in a block • lib/book_understanding_v0342.dart:275:7 • curly_braces_in_flow_control_structures
   info • Statements in an if should be enclosed in a block. Try wrapping the statement in a block • lib/book_understanding_v0342.dart:280:7 • curly_braces_in_flow_control_structures
   info • Statements in an if should be enclosed in a block. Try wrapping the statement in a block • lib/book_understanding_v0342.dart:285:7 • curly_braces_in_flow_control_structures
   info • Statements in an if should be enclosed in a block. Try wrapping the statement in a block • lib/book_understanding_v0342.dart:317:7 • curly_braces_in_flow_control_structures
   info • Invalid use of a private type in a public API. Try making the private type public, or making the API that uses the private type also be private • lib/book_understanding_v0342.dart:321:10 • library_private_types_in_public_api
   info • Statements in an if should be enclosed in a block. Try wrapping the statement in a block • lib/book_understanding_v0342.dart:339:7 • curly_braces_in_flow_control_structures
   info • Statements in an if should be enclosed in a block. Try wrapping the statement in a block • lib/book_understanding_v0342.dart:359:7 • curly_braces_in_flow_control_structures
   info • Statements in an if should be enclosed in a block. Try wrapping the statement in a block • lib/book_understanding_v0342.dart:364:7 • curly_braces_in_flow_control_structures
   info • Statements in an if should be enclosed in a block. Try wrapping the statement in a block • lib/book_understanding_v0342.dart:369:7 • curly_braces_in_flow_control_structures
   info • Statements in an if should be enclosed in a block. Try wrapping the statement in a block • lib/book_understanding_v0342.dart:372:7 • curly_braces_in_flow_control_structures
   info • Invalid use of a private type in a public API. Try making the private type public, or making the API that uses the private type also be private • lib/book_understanding_v0342.dart:384:3 • library_private_types_in_public_api
   info • Statements in an if should be enclosed in a block. Try wrapping the statement in a block • lib/book_understanding_v0342.dart:465:7 • curly_braces_in_flow_control_structures
   info • Statements in an if should be enclosed in a block. Try wrapping the statement in a block • lib/book_understanding_v0342.dart:480:11 • curly_braces_in_flow_control_structures
   info • Statements in an if should be enclosed in a block. Try wrapping the statement in a block • lib/book_understanding_v0342.dart:498:9 • curly_braces_in_flow_control_structures
   info • Statements in an if should be enclosed in a block. Try wrapping the statement in a block • lib/book_understanding_v0342.dart:507:9 • curly_braces_in_flow_control_structures
   info • Statements in an if should be enclosed in a block. Try wrapping the statement in a block • lib/book_understanding_v0342.dart:527:7 • curly_braces_in_flow_control_structures
   info • Statements in an if should be enclosed in a block. Try wrapping the statement in a block • lib/book_understanding_v0342.dart:545:7 • curly_braces_in_flow_control_structures
   info • Statements in an if should be enclosed in a block. Try wrapping the statement in a block • lib/book_understanding_v0342.dart:556:7 • curly_braces_in_flow_control_structures
   info • Statements in an if should be enclosed in a block. Try wrapping the statement in a block • lib/book_understanding_v0342.dart:566:7 • curly_braces_in_flow_control_structures
   info • Statements in an if should be enclosed in a block. Try wrapping the statement in a block • lib/canonical_memory_v0420.dart:202:9 • curly_braces_in_flow_control_structures
   info • Statements in an if should be enclosed in a block. Try wrapping the statement in a block • lib/canonical_memory_v0420.dart:321:7 • curly_braces_in_flow_control_structures
   info • Statements in an if should be enclosed in a block. Try wrapping the statement in a block • lib/canonical_memory_v0420.dart:351:7 • curly_braces_in_flow_control_structures
   info • Statements in an if should be enclosed in a block. Try wrapping the statement in a block • lib/canonical_memory_v0420.dart:369:7 • curly_braces_in_flow_control_structures
   info • Statements in an if should be enclosed in a block. Try wrapping the statement in a block • lib/canonical_memory_v0420.dart:387:7 • curly_braces_in_flow_control_structures
   info • Statements in an if should be enclosed in a block. Try wrapping the statement in a block • lib/canonical_memory_v0420.dart:408:9 • curly_braces_in_flow_control_structures
   info • Statements in an if should be enclosed in a block. Try wrapping the statement in a block • lib/canonical_memory_v0420.dart:431:13 • curly_braces_in_flow_control_structures
   info • Statements in an if should be enclosed in a block. Try wrapping the statement in a block • lib/canonical_memory_v0420.dart:437:9 • curly_braces_in_flow_control_structures
   info • Statements in an if should be enclosed in a block. Try wrapping the statement in a block • lib/canonical_memory_v0420.dart:493:7 • curly_braces_in_flow_control_structures
   info • Statements in an if should be enclosed in a block. Try wrapping the statement in a block • lib/canonical_memory_v0420.dart:669:11 • curly_braces_in_flow_control_structures
   info • Statements in an if should be enclosed in a block. Try wrapping the statement in a block • lib/canonical_memory_v0420.dart:751:7 • curly_braces_in_flow_control_structures
   info • Statements in an if should be enclosed in a block. Try wrapping the statement in a block • lib/canonical_memory_v0420.dart:770:7 • curly_braces_in_flow_control_structures
   info • Statements in an if should be enclosed in a block. Try wrapping the statement in a block • lib/canonical_memory_v0420.dart:773:7 • curly_braces_in_flow_control_structures
   info • Statements in an if should be enclosed in a block. Try wrapping the statement in a block • lib/cls_core_v0340.dart:68:11 • curly_braces_in_flow_control_structures
   info • Statements in an if should be enclosed in a block. Try wrapping the statement in a block • lib/cls_core_v0340.dart:102:7 • curly_braces_in_flow_control_structures
   info • Statements in an if should be enclosed in a block. Try wrapping the statement in a block • lib/cls_core_v0340.dart:140:7 • curly_braces_in_flow_control_structures
   info • Statements in an if should be enclosed in a block. Try wrapping the statement in a block • lib/cls_core_v0340.dart:264:9 • curly_braces_in_flow_control_structures
   info • Statements in an if should be enclosed in a block. Try wrapping the statement in a block • lib/cls_core_v0340.dart:331:7 • curly_braces_in_flow_control_structures
   info • Statements in an if should be enclosed in a block. Try wrapping the statement in a block • lib/cognitive_coordinator_v0420.dart:69:7 • curly_braces_in_flow_control_structures
   info • Statements in an if should be enclosed in a block. Try wrapping the statement in a block • lib/cognitive_coordinator_v0420.dart:71:7 • curly_braces_in_flow_control_structures
   info • Statements in an if should be enclosed in a block. Try wrapping the statement in a block • lib/cognitive_coordinator_v0420.dart:132:9 • curly_braces_in_flow_control_structures
   info • Statements in an if should be enclosed in a block. Try wrapping the statement in a block • lib/cognitive_coordinator_v0420.dart:141:7 • curly_braces_in_flow_control_structures
   info • Statements in an if should be enclosed in a block. Try wrapping the statement in a block • lib/cognitive_coordinator_v0420.dart:174:9 • curly_braces_in_flow_control_structures
   info • Statements in an if should be enclosed in a block. Try wrapping the statement in a block • lib/cognitive_coordinator_v0420.dart:222:9 • curly_braces_in_flow_control_structures
   info • Statements in an if should be enclosed in a block. Try wrapping the statement in a block • lib/cognitive_coordinator_v0420.dart:258:7 • curly_braces_in_flow_control_structures
   info • Statements in an if should be enclosed in a block. Try wrapping the statement in a block • lib/cognitive_coordinator_v0420.dart:267:9 • curly_braces_in_flow_control_structures
   info • Statements in an if should be enclosed in a block. Try wrapping the statement in a block • lib/cognitive_coordinator_v0420.dart:281:7 • curly_braces_in_flow_control_structures
   info • Statements in an if should be enclosed in a block. Try wrapping the statement in a block • lib/cognitive_coordinator_v0420.dart:294:7 • curly_braces_in_flow_control_structures
   info • Statements in an if should be enclosed in a block. Try wrapping the statement in a block • lib/cognitive_coordinator_v0420.dart:337:7 • curly_braces_in_flow_control_structures
   info • Statements in an if should be enclosed in a block. Try wrapping the statement in a block • lib/cognitive_coordinator_v0420.dart:349:7 • curly_braces_in_flow_control_structures
   info • Statements in an if should be enclosed in a block. Try wrapping the statement in a block • lib/cognitive_coordinator_v0420.dart:362:9 • curly_braces_in_flow_control_structures
   info • Statements in an if should be enclosed in a block. Try wrapping the statement in a block • lib/cognitive_coordinator_v0420.dart:379:11 • curly_braces_in_flow_control_structures
   info • Statements in an if should be enclosed in a block. Try wrapping the statement in a block • lib/cognitive_coordinator_v0420.dart:401:9 • curly_braces_in_flow_control_structures
   info • Statements in an if should be enclosed in a block. Try wrapping the statement in a block • lib/cognitive_coordinator_v0420.dart:422:9 • curly_braces_in_flow_control_structures
   info • Statements in an if should be enclosed in a block. Try wrapping the statement in a block • lib/cognitive_coordinator_v0420.dart:445:9 • curly_braces_in_flow_control_structures
   info • Statements in an if should be enclosed in a block. Try wrapping the statement in a block • lib/cognitive_coordinator_v0420.dart:456:9 • curly_braces_in_flow_control_structures
   info • Statements in an if should be enclosed in a block. Try wrapping the statement in a block • lib/cognitive_coordinator_v0420.dart:521:7 • curly_braces_in_flow_control_structures
   info • Statements in an if should be enclosed in a block. Try wrapping the statement in a block • lib/cognitive_coordinator_v0420.dart:552:13 • curly_braces_in_flow_control_structures
   info • Statements in an if should be enclosed in a block. Try wrapping the statement in a block • lib/cognitive_coordinator_v0420.dart:574:7 • curly_braces_in_flow_control_structures
   info • Statements in an if should be enclosed in a block. Try wrapping the statement in a block • lib/cognitive_coordinator_v0420.dart:582:7 • curly_braces_in_flow_control_structures
   info • Statements in an if should be enclosed in a block. Try wrapping the statement in a block • lib/cognitive_coordinator_v0420.dart:613:7 • curly_braces_in_flow_control_structures
   info • Statements in an if should be enclosed in a block. Try wrapping the statement in a block • lib/competence_language_v0350.dart:114:7 • curly_braces_in_flow_control_structures
   info • Statements in an if should be enclosed in a block. Try wrapping the statement in a block • lib/competence_language_v0350.dart:135:9 • curly_braces_in_flow_control_structures
   info • Statements in an if should be enclosed in a block. Try wrapping the statement in a block • lib/competence_language_v0350.dart:149:9 • curly_braces_in_flow_control_structures
   info • Statements in an if should be enclosed in a block. Try wrapping the statement in a block • lib/competence_language_v0350.dart:151:9 • curly_braces_in_flow_control_structures
   info • Statements in an if should be enclosed in a block. Try wrapping the statement in a block • lib/competence_language_v0350.dart:178:9 • curly_braces_in_flow_control_structures
   info • Statements in an if should be enclosed in a block. Try wrapping the statement in a block • lib/competence_language_v0350.dart:180:13 • curly_braces_in_flow_control_structures
   info • Statements in an if should be enclosed in a block. Try wrapping the statement in a block • lib/competence_language_v0350.dart:193:13 • curly_braces_in_flow_control_structures
   info • Statements in an if should be enclosed in a block. Try wrapping the statement in a block • lib/competence_language_v0350.dart:285:15 • curly_braces_in_flow_control_structures
   info • The import of 'dart:typed_data' is unnecessary because all of the used elements are also provided by the import of 'package:flutter/foundation.dart'. Try removing the import directive • lib/main.dart:4:8 • unnecessary_import
   info • Statements in an if should be enclosed in a block. Try wrapping the statement in a block • lib/main.dart:79:7 • curly_braces_in_flow_control_structures
   info • Statements in an if should be enclosed in a block. Try wrapping the statement in a block • lib/main.dart:98:9 • curly_braces_in_flow_control_structures
   info • Statements in an if should be enclosed in a block. Try wrapping the statement in a block • lib/main.dart:105:9 • curly_braces_in_flow_control_structures
   info • Statements in an if should be enclosed in a block. Try wrapping the statement in a block • lib/main.dart:118:7 • curly_braces_in_flow_control_structures
   info • Statements in an if should be enclosed in a block. Try wrapping the statement in a block • lib/main.dart:124:11 • curly_braces_in_flow_control_structures
   info • Statements in an if should be enclosed in a block. Try wrapping the statement in a block • lib/main.dart:140:9 • curly_braces_in_flow_control_structures
   info • Statements in an if should be enclosed in a block. Try wrapping the statement in a block • lib/main.dart:179:7 • curly_braces_in_flow_control_structures
   info • Statements in an if should be enclosed in a block. Try wrapping the statement in a block • lib/main.dart:201:11 • curly_braces_in_flow_control_structures
   info • Statements in an if should be enclosed in a block. Try wrapping the statement in a block • lib/main.dart:215:13 • curly_braces_in_flow_control_structures
   info • Statements in an if should be enclosed in a block. Try wrapping the statement in a block • lib/main.dart:229:13 • curly_braces_in_flow_control_structures
   info • Statements in an if should be enclosed in a block. Try wrapping the statement in a block • lib/main.dart:233:9 • curly_braces_in_flow_control_structures
   info • Statements in an if should be enclosed in a block. Try wrapping the statement in a block • lib/main.dart:341:9 • curly_braces_in_flow_control_structures
   info • Statements in an if should be enclosed in a block. Try wrapping the statement in a block • lib/main.dart:363:7 • curly_braces_in_flow_control_structures
   info • Statements in an if should be enclosed in a block. Try wrapping the statement in a block • lib/main.dart:372:7 • curly_braces_in_flow_control_structures
   info • Statements in an if should be enclosed in a block. Try wrapping the statement in a block • lib/main.dart:388:9 • curly_braces_in_flow_control_structures
   info • Statements in an if should be enclosed in a block. Try wrapping the statement in a block • lib/main.dart:400:9 • curly_braces_in_flow_control_structures
   info • Statements in an if should be enclosed in a block. Try wrapping the statement in a block • lib/main.dart:416:7 • curly_braces_in_flow_control_structures
   info • Statements in an if should be enclosed in a block. Try wrapping the statement in a block • lib/main.dart:430:7 • curly_braces_in_flow_control_structures
   info • Statements in an if should be enclosed in a block. Try wrapping the statement in a block • lib/main.dart:462:9 • curly_braces_in_flow_control_structures
   info • Statements in an if should be enclosed in a block. Try wrapping the statement in a block • lib/main.dart:470:9 • curly_braces_in_flow_control_structures
   info • Statements in an if should be enclosed in a block. Try wrapping the statement in a block • lib/main.dart:473:13 • curly_braces_in_flow_control_structures
   info • Statements in an if should be enclosed in a block. Try wrapping the statement in a block • lib/main.dart:506:7 • curly_braces_in_flow_control_structures
   info • 'value' is deprecated and shouldn't be used. Use initialValue instead. This will set the initial value for the form field. This feature was deprecated after v3.33.0-1.0.pre. Try replacing the use of the deprecated member with the replacement • lib/main.dart:523:5 • deprecated_member_use
   info • Statements in an if should be enclosed in a block. Try wrapping the statement in a block • lib/main.dart:591:41 • curly_braces_in_flow_control_structures
   info • Statements in an if should be enclosed in a block. Try wrapping the statement in a block • lib/main.dart:608:41 • curly_braces_in_flow_control_structures
   info • Statements in an if should be enclosed in a block. Try wrapping the statement in a block • lib/main.dart:790:23 • curly_braces_in_flow_control_structures
   info • Statements in an if should be enclosed in a block. Try wrapping the statement in a block • lib/narrative_memory_v0350.dart:442:7 • curly_braces_in_flow_control_structures
   info • Statements in an if should be enclosed in a block. Try wrapping the statement in a block • lib/narrative_memory_v0350.dart:588:9 • curly_braces_in_flow_control_structures
   info • Statements in an if should be enclosed in a block. Try wrapping the statement in a block • lib/narrative_memory_v0350.dart:594:7 • curly_braces_in_flow_control_structures
   info • Statements in an if should be enclosed in a block. Try wrapping the statement in a block • lib/narrative_memory_v0350.dart:598:7 • curly_braces_in_flow_control_structures
   info • Statements in an if should be enclosed in a block. Try wrapping the statement in a block • lib/narrative_memory_v0350.dart:602:7 • curly_braces_in_flow_control_structures
   info • Statements in an if should be enclosed in a block. Try wrapping the statement in a block • lib/narrative_memory_v0350.dart:606:7 • curly_braces_in_flow_control_structures
   info • Statements in an if should be enclosed in a block. Try wrapping the statement in a block • lib/narrative_memory_v0350.dart:657:9 • curly_braces_in_flow_control_structures
   info • Statements in an if should be enclosed in a block. Try wrapping the statement in a block • lib/narrative_memory_v0350.dart:721:11 • curly_braces_in_flow_control_structures
   info • Statements in an if should be enclosed in a block. Try wrapping the statement in a block • lib/narrative_memory_v0350.dart:741:11 • curly_braces_in_flow_control_structures
   info • Statements in an if should be enclosed in a block. Try wrapping the statement in a block • lib/narrative_memory_v0350.dart:777:7 • curly_braces_in_flow_control_structures
   info • Statements in an if should be enclosed in a block. Try wrapping the statement in a block • lib/narrative_memory_v0350.dart:827:11 • curly_braces_in_flow_control_structures
   info • Statements in an if should be enclosed in a block. Try wrapping the statement in a block • lib/narrative_memory_v0350.dart:853:9 • curly_braces_in_flow_control_structures
   info • Statements in an if should be enclosed in a block. Try wrapping the statement in a block • lib/narrative_memory_v0350.dart:891:9 • curly_braces_in_flow_control_structures
   info • Statements in an if should be enclosed in a block. Try wrapping the statement in a block • lib/narrative_memory_v0350.dart:1013:9 • curly_braces_in_flow_control_structures
   info • Statements in an if should be enclosed in a block. Try wrapping the statement in a block • lib/narrative_memory_v0350.dart:1041:7 • curly_braces_in_flow_control_structures
   info • Statements in an if should be enclosed in a block. Try wrapping the statement in a block • lib/narrative_memory_v0350.dart:1052:7 • curly_braces_in_flow_control_structures
   info • Statements in an if should be enclosed in a block. Try wrapping the statement in a block • lib/narrative_memory_v0350.dart:1057:7 • curly_braces_in_flow_control_structures
   info • Statements in an if should be enclosed in a block. Try wrapping the statement in a block • lib/sensory_features_v0420.dart:9:7 • curly_braces_in_flow_control_structures
   info • Statements in a for should be enclosed in a block. Try wrapping the statement in a block • lib/sensory_features_v0420.dart:94:42 • curly_braces_in_flow_control_structures
   info • Statements in a for should be enclosed in a block. Try wrapping the statement in a block • lib/sensory_features_v0420.dart:96:7 • curly_braces_in_flow_control_structures
   info • Statements in a for should be enclosed in a block. Try wrapping the statement in a block • lib/sensory_features_v0420.dart:117:7 • curly_braces_in_flow_control_structures
   info • Statements in a for should be enclosed in a block. Try wrapping the statement in a block • lib/sensory_features_v0420.dart:135:28 • curly_braces_in_flow_control_structures
   info • Statements in a for should be enclosed in a block. Try wrapping the statement in a block • lib/sensory_features_v0420.dart:150:35 • curly_braces_in_flow_control_structures
   info • Statements in a for should be enclosed in a block. Try wrapping the statement in a block • lib/sensory_features_v0420.dart:186:36 • curly_braces_in_flow_control_structures
   info • Statements in a for should be enclosed in a block. Try wrapping the statement in a block • lib/sensory_features_v0420.dart:190:44 • curly_braces_in_flow_control_structures
   info • Statements in an if should be enclosed in a block. Try wrapping the statement in a block • lib/social_memory_v0420.dart:356:9 • curly_braces_in_flow_control_structures
   info • Statements in an if should be enclosed in a block. Try wrapping the statement in a block • lib/social_memory_v0420.dart:368:9 • curly_braces_in_flow_control_structures
   info • Statements in an if should be enclosed in a block. Try wrapping the statement in a block • lib/social_memory_v0420.dart:379:9 • curly_braces_in_flow_control_structures
   info • Statements in an if should be enclosed in a block. Try wrapping the statement in a block • lib/social_memory_v0420.dart:389:9 • curly_braces_in_flow_control_structures
   info • Statements in an if should be enclosed in a block. Try wrapping the statement in a block • lib/social_memory_v0420.dart:398:9 • curly_braces_in_flow_control_structures

130 issues found. (ran in 9.3s)
