Resolving dependencies...
Downloading packages...
  archive 4.3.0 (from direct dependency to transitive dependency)
  code_assets 1.2.1 (2.1.0 available)
  cross_file 0.3.5+5 (0.4.0 available)
  dbus 0.7.15 (0.8.0 available)
  file_picker 10.3.10 (13.1.0 available)
  flutter_lints 5.0.0 (6.0.0 available)
  hooks 2.0.2 (2.2.0 available)
  lints 5.1.1 (6.1.0 available)
  material_color_utilities 0.13.0 (0.13.1 available)
  meta 1.18.3 (1.19.0 available)
  objective_c 9.5.0 (9.6.2 available)
  petitparser 7.0.2 (7.1.0 available)
  record_use 0.6.0 (1.1.1 available)
  sqflite_common_ffi 2.3.7 (2.4.3 available)
  sqlite3 2.9.4 (3.7.0 available)
  test_api 0.7.12 (0.7.14 available)
  vector_math 2.4.0 (2.4.3 available)
  win32 5.15.0 (6.4.0 available)
  xml 7.0.1 (7.1.0 available)
These packages are no longer being depended on:
- url_launcher 6.3.3
- url_launcher_android 6.3.33
- url_launcher_ios 6.4.2
- url_launcher_linux 3.2.3
- url_launcher_macos 3.2.6
- url_launcher_platform_interface 2.3.2
- url_launcher_web 2.4.3
- url_launcher_windows 3.1.6
Changed 9 dependencies!
18 packages have newer versions incompatible with dependency constraints.
Try `flutter pub outdated` for more information.
